C51 COMPILER V9.60.7.0   TIMER                                                             09/06/2026 12:23:26 PAGE 1   


C51 COMPILER V9.60.7.0, COMPILATION OF MODULE TIMER
OBJECT MODULE PLACED IN .\Objects\timer.obj
COMPILER INVOKED BY: D:\keil5\C51\BIN\C51.EXE timer.c LARGE OPTIMIZE(8,SPEED) BROWSE DEBUG OBJECTEXTEND PRINT(.\Listings
                    -\timer.lst) TABS(2) OBJECT(.\Objects\timer.obj)

line level    source

   1          #include "timer.h"
   2          
   3          u16 ARV = 1000;
   4          
   5          u8 tim_set_arv(u16 x)
   6          {
   7   1          if (x < 100 || x > 10000)
   8   1          {
   9   2              return FAIL;
  10   2          }
  11   1          else
  12   1          {
  13   2      #if FOSC == 12000000L
  14   2              ARV = 12000000/6/x*2;
  15   2      #elif FOSC == 11059200L
                      ARV = 11059200/12/x;
              #endif
  18   2              return SUCCESS;
  19   2          }
  20   1      }
  21          
  22          static timer_callback_t timer_callback = NULL;
  23          
  24          void timer_set_callback(timer_callback_t callback)
  25          {
  26   1          timer_callback = callback;
  27   1      }
  28          
  29          void Timer0_Isr(void) interrupt 1
  30          {
  31   1          TH0 = (65536 - ARV) >> 8;
  32   1          TL0 = ARV;
  33   1      
  34   1          if (timer_callback != NULL)
  35   1          {
  36   2              timer_callback();
  37   2          }
  38   1      }
  39          
  40          void timer0_init(void)
  41          {
  42   1      
  43   1          TMOD &= 0xF0;
  44   1          TMOD |= 0x01;
  45   1          TH0 = (65536 - ARV) >> 8;
  46   1          TL0 = ARV;
  47   1          TF0 = 0;
  48   1          TR0 = 1;
  49   1          ET0 = 1;
  50   1          EA = 1;
  51   1      }


MODULE INFORMATION:   STATIC OVERLAYABLE
C51 COMPILER V9.60.7.0   TIMER                                                             09/06/2026 12:23:26 PAGE 2   

   CODE SIZE        =    241    ----
   CONSTANT SIZE    =   ----    ----
   XDATA SIZE       =      5    ----
   PDATA SIZE       =   ----    ----
   DATA SIZE        =   ----    ----
   IDATA SIZE       =   ----    ----
   BIT SIZE         =   ----    ----
END OF MODULE INFORMATION.


C51 COMPILATION COMPLETE.  0 WARNING(S),  0 ERROR(S)
