C51 COMPILER V9.60.7.0   DELAY                                                             09/06/2026 12:25:15 PAGE 1   


C51 COMPILER V9.60.7.0, COMPILATION OF MODULE DELAY
OBJECT MODULE PLACED IN .\Objects\delay.obj
COMPILER INVOKED BY: D:\keil5\C51\BIN\C51.EXE delay.c LARGE OPTIMIZE(8,SPEED) BROWSE DEBUG OBJECTEXTEND PRINT(.\Listings
                    -\delay.lst) TABS(2) OBJECT(.\Objects\delay.obj)

line level    source

   1          #include "delay.h"
   2          
   3          void delayx10us(u16 us)
   4          {
   5   1      #if FOSC == 11059200L
                  while (us--) //@11.0592MHz
                  {
                      unsigned char data i;
                      i = 2;
                      while (--i)
                          ;
                  }
              #elif FOSC == 12000000L
  14   1          u16 dus = 4 * us;
  15   1          while (dus--) //@12.000MHz
  16   1          {
  17   2              unsigned char data i;
  18   2              _nop_();
  19   2              i = 2;
  20   2              while (--i)
  21   2                  ;
  22   2          }
  23   1      
  24   1      #endif
  25   1      }
  26          
  27          void delay(u16 ms)
  28          {
  29   1      
  30   1      #if FOSC == 11059200L
                  while (ms--) //@11.0592MHz
                  {
                      unsigned char data i, j;
                      _nop_();
                      i = 2;
                      j = 199;
                      do
                      {
                          while (--j)
                              ;
                      } while (--i);
                  }
              #elif FOSC == 12000000L
  44   1          u16 dms = 4 * ms;
  45   1          while (dms--) //@12.000MHz
  46   1          {
  47   2              unsigned char data i, j;
  48   2              i = 2;
  49   2              j = 239;
  50   2              do
  51   2              {
  52   3                  while (--j)
  53   3                      ;
  54   3              } while (--i);
C51 COMPILER V9.60.7.0   DELAY                                                             09/06/2026 12:25:15 PAGE 2   

  55   2          }
  56   1      
  57   1      #endif
  58   1      }


MODULE INFORMATION:   STATIC OVERLAYABLE
   CODE SIZE        =     70    ----
   CONSTANT SIZE    =   ----    ----
   XDATA SIZE       =   ----    ----
   PDATA SIZE       =   ----    ----
   DATA SIZE        =   ----       3
   IDATA SIZE       =   ----    ----
   BIT SIZE         =   ----    ----
END OF MODULE INFORMATION.


C51 COMPILATION COMPLETE.  0 WARNING(S),  0 ERROR(S)
