BL51 BANKED LINKER/LOCATER V6.22.4.0                                                    09/06/2026  12:25:15  PAGE 1


BL51 BANKED LINKER/LOCATER V6.22.4.0, INVOKED BY:
D:\KEIL5\C51\BIN\BL51.EXE .\Objects\main.obj, .\Objects\delay.obj, .\Objects\gpio.obj TO .\Objects\gpio_example PRINT (.
>> \Listings\gpio_example.m51) RAMSIZE (256) DISABLEWARNING (16)


MEMORY MODEL: LARGE


INPUT MODULES INCLUDED:
  .\Objects\main.obj (MAIN)
  .\Objects\delay.obj (DELAY)
  .\Objects\gpio.obj (GPIO)
  D:\KEIL5\C51\LIB\C51L.LIB (?C_STARTUP)
  D:\KEIL5\C51\LIB\C51L.LIB (?C?CLDPTR)
  D:\KEIL5\C51\LIB\C51L.LIB (?C?CLDOPTR)


LINK MAP OF MODULE:  .\Objects\gpio_example (MAIN)


            TYPE    BASE      LENGTH    RELOCATION   SEGMENT NAME
            -----------------------------------------------------

            * * * * * * *   D A T A   M E M O R Y   * * * * * * *
            REG     0000H     0008H     ABSOLUTE     "REG BANK 0"
            DATA    0008H     0002H     UNIT         _DATA_GROUP_
            DATA    000AH     0001H     UNIT         ?DT?_DELAYX10US?DELAY
            IDATA   000BH     0001H     UNIT         ?STACK

            * * * * * * *  X D A T A   M E M O R Y  * * * * * * *
            XDATA   0000H     0002H     UNIT         ?XD?MAIN

            * * * * * * *   C O D E   M E M O R Y   * * * * * * *
            CODE    0000H     0003H     ABSOLUTE     
            CODE    0003H     01BEH     UNIT         ?PR?_GPIO_INIT?GPIO
            CODE    01C1H     0049H     UNIT         ?PR?MAIN?MAIN
            CODE    020AH     0046H     UNIT         ?C?LIB_CODE
            CODE    0250H     0044H     UNIT         ?PR?_GPIO_RESET?GPIO
            CODE    0294H     003FH     UNIT         ?PR?_GPIO_SET?GPIO
            CODE    02D3H     0032H     UNIT         ?PR?_GPIO_READ?GPIO
            CODE    0305H     0024H     UNIT         ?PR?_DELAY?DELAY
            CODE    0329H     0022H     UNIT         ?PR?_DELAYX10US?DELAY
            CODE    034BH     0021H     UNIT         ?PR?_GPIO_WRITE?GPIO
            CODE    036CH     000CH     UNIT         ?C_C51STARTUP



OVERLAY MAP OF MODULE:   .\Objects\gpio_example (MAIN)


SEGMENT                          DATA_GROUP 
  +--> CALLED SEGMENT          START    LENGTH
----------------------------------------------
?C_C51STARTUP                  -----    -----
  +--> ?PR?MAIN?MAIN

?PR?MAIN?MAIN                  -----    -----
  +--> ?PR?_GPIO_INIT?GPIO
BL51 BANKED LINKER/LOCATER V6.22.4.0                                                  09/06/2026  12:25:15  PAGE 2


  +--> ?PR?_GPIO_WRITE?GPIO
  +--> ?PR?_GPIO_SET?GPIO
  +--> ?PR?_GPIO_READ?GPIO
  +--> ?PR?_DELAY?DELAY

?PR?_GPIO_WRITE?GPIO           -----    -----
  +--> ?PR?_GPIO_SET?GPIO
  +--> ?PR?_GPIO_RESET?GPIO

?PR?_DELAY?DELAY               0008H    0002H



SYMBOL TABLE OF MODULE:  .\Objects\gpio_example (MAIN)

  VALUE           TYPE          NAME
  ----------------------------------

  -------         MODULE        MAIN
  C:0000H         SYMBOL        _ICE_DUMMY_
  D:0091H         PUBLIC        P1M0
  D:0094H         PUBLIC        P0M1
  D:0095H         PUBLIC        P2M0
  D:0092H         PUBLIC        P1M1
  D:0080H         PUBLIC        P0
  D:00B1H         PUBLIC        P3M0
  D:0096H         PUBLIC        P2M1
  D:0090H         PUBLIC        P1
  D:00B3H         PUBLIC        P4M0
  D:00B2H         PUBLIC        P3M1
  D:00A0H         PUBLIC        P2
  D:00B4H         PUBLIC        P4M1
  D:00C0H         PUBLIC        XICON
  D:00B0H         PUBLIC        P3
  D:00E8H         PUBLIC        P4
  D:00A8H         PUBLIC        IE
  D:00B8H         PUBLIC        IP
  X:0000H         PUBLIC        GPIO_Struct
  C:01C1H         PUBLIC        main
  D:0098H         PUBLIC        SCON
  D:0088H         PUBLIC        TCON
  D:00C8H         PUBLIC        T2CON
  D:00D0H         PUBLIC        PSW
  D:0093H         PUBLIC        P0M0
  -------         PROC          MAIN
  C:01C1H         LINE#         6
  C:01C1H         LINE#         7
  C:01C1H         LINE#         8
  C:01C7H         LINE#         9
  C:01C9H         LINE#         10
  C:01D4H         LINE#         11
  C:01DDH         LINE#         13
  C:01E3H         LINE#         14
  C:01EAH         LINE#         15
  C:01EAH         LINE#         16
  C:0201H         LINE#         17
  C:0208H         LINE#         18
BL51 BANKED LINKER/LOCATER V6.22.4.0                                                  09/06/2026  12:25:15  PAGE 3


  -------         ENDPROC       MAIN
  -------         ENDMOD        MAIN

  -------         MODULE        DELAY
  C:0000H         SYMBOL        _ICE_DUMMY_
  C:0305H         PUBLIC        _delay
  C:0329H         PUBLIC        _delayx10us
  -------         PROC          _DELAYX10US
  D:0006H         SYMBOL        us
  -------         DO            
  D:0006H         SYMBOL        dus
  -------         DO            
  D:000AH         SYMBOL        i
  -------         ENDDO         
  -------         ENDDO         
  C:0329H         LINE#         3
  C:0329H         LINE#         4
  C:0329H         LINE#         14
  C:0334H         LINE#         15
  C:033EH         LINE#         16
  C:033EH         LINE#         18
  C:033FH         LINE#         19
  C:0342H         LINE#         20
  C:034AH         LINE#         22
  C:034AH         LINE#         25
  -------         ENDPROC       _DELAYX10US
  -------         PROC          _DELAY
  D:0006H         SYMBOL        ms
  -------         DO            
  D:0006H         SYMBOL        dms
  -------         DO            
  D:0008H         SYMBOL        i
  D:0009H         SYMBOL        j
  -------         ENDDO         
  -------         ENDDO         
  C:0305H         LINE#         27
  C:0305H         LINE#         28
  C:0305H         LINE#         44
  C:0310H         LINE#         45
  C:031AH         LINE#         46
  C:031AH         LINE#         48
  C:031DH         LINE#         49
  C:0320H         LINE#         51
  C:0320H         LINE#         52
  C:0323H         LINE#         54
  C:0326H         LINE#         55
  C:0328H         LINE#         58
  -------         ENDPROC       _DELAY
  -------         ENDMOD        DELAY

  -------         MODULE        GPIO
  C:0000H         SYMBOL        _ICE_DUMMY_
  D:0091H         PUBLIC        P1M0
  D:0094H         PUBLIC        P0M1
  D:0095H         PUBLIC        P2M0
  D:0092H         PUBLIC        P1M1
  D:0080H         PUBLIC        P0
BL51 BANKED LINKER/LOCATER V6.22.4.0                                                  09/06/2026  12:25:15  PAGE 4


  D:00B1H         PUBLIC        P3M0
  D:0096H         PUBLIC        P2M1
  D:0090H         PUBLIC        P1
  D:00B3H         PUBLIC        P4M0
  D:00B2H         PUBLIC        P3M1
  D:00A0H         PUBLIC        P2
  D:00B4H         PUBLIC        P4M1
  D:00C0H         PUBLIC        XICON
  D:00B0H         PUBLIC        P3
  D:00E8H         PUBLIC        P4
  D:00A8H         PUBLIC        IE
  D:00B8H         PUBLIC        IP
  C:02D3H         PUBLIC        _gpio_read
  D:0098H         PUBLIC        SCON
  D:0088H         PUBLIC        TCON
  C:0250H         PUBLIC        _gpio_reset
  C:034BH         PUBLIC        _gpio_write
  C:0003H         PUBLIC        _gpio_init
  C:0294H         PUBLIC        _gpio_set
  D:00C8H         PUBLIC        T2CON
  D:00D0H         PUBLIC        PSW
  D:0093H         PUBLIC        P0M0
  -------         PROC          _GPIO_INIT
  D:0007H         SYMBOL        GPIO_Px
  D:0001H         SYMBOL        GPIOx
  C:0003H         LINE#         4
  C:0003H         LINE#         5
  C:0003H         LINE#         6
  C:0009H         LINE#         7
  C:000CH         LINE#         8
  C:0015H         LINE#         9
  C:0018H         LINE#         12
  C:0035H         LINE#         13
  C:0035H         LINE#         14
  C:0035H         LINE#         15
  C:0038H         LINE#         17
  C:0046H         LINE#         18
  C:004DH         LINE#         20
  C:005DH         LINE#         21
  C:0061H         LINE#         23
  C:006EH         LINE#         24
  C:0078H         LINE#         26
  C:0083H         LINE#         27
  C:0086H         LINE#         29
  C:0086H         LINE#         30
  C:008CH         LINE#         32
  C:009AH         LINE#         33
  C:009EH         LINE#         35
  C:00AEH         LINE#         36
  C:00B5H         LINE#         38
  C:00C2H         LINE#         39
  C:00CAH         LINE#         41
  C:00D5H         LINE#         42
  C:00D8H         LINE#         44
  C:00D8H         LINE#         45
  C:00DEH         LINE#         47
  C:00ECH         LINE#         48
BL51 BANKED LINKER/LOCATER V6.22.4.0                                                  09/06/2026  12:25:15  PAGE 5


  C:00F0H         LINE#         50
  C:0100H         LINE#         51
  C:0107H         LINE#         53
  C:0114H         LINE#         54
  C:011CH         LINE#         56
  C:0127H         LINE#         57
  C:012AH         LINE#         59
  C:012AH         LINE#         60
  C:0130H         LINE#         62
  C:013EH         LINE#         63
  C:0142H         LINE#         65
  C:0151H         LINE#         66
  C:0158H         LINE#         68
  C:0164H         LINE#         69
  C:0169H         LINE#         71
  C:0174H         LINE#         72
  C:0176H         LINE#         74
  C:0176H         LINE#         75
  C:017CH         LINE#         77
  C:0189H         LINE#         78
  C:018DH         LINE#         80
  C:019CH         LINE#         81
  C:01A3H         LINE#         83
  C:01AFH         LINE#         84
  C:01B3H         LINE#         86
  C:01BEH         LINE#         87
  C:01BEH         LINE#         88
  C:01BEH         LINE#         90
  C:01C0H         LINE#         91
  -------         ENDPROC       _GPIO_INIT
  -------         PROC          _GPIO_SET
  D:0007H         SYMBOL        Port
  D:0005H         SYMBOL        Pin
  C:0294H         LINE#         99
  C:0294H         LINE#         100
  C:0294H         LINE#         101
  C:029AH         LINE#         102
  C:029DH         LINE#         103
  C:02A0H         LINE#         104
  C:02A3H         LINE#         106
  C:02B4H         LINE#         107
  C:02B4H         LINE#         108
  C:02B4H         LINE#         109
  C:02B7H         LINE#         110
  C:02B9H         LINE#         111
  C:02B9H         LINE#         112
  C:02BCH         LINE#         113
  C:02BEH         LINE#         114
  C:02BEH         LINE#         115
  C:02C1H         LINE#         116
  C:02C3H         LINE#         117
  C:02C3H         LINE#         118
  C:02C6H         LINE#         119
  C:02C8H         LINE#         120
  C:02C8H         LINE#         121
  C:02CBH         LINE#         122
  C:02CDH         LINE#         123
BL51 BANKED LINKER/LOCATER V6.22.4.0                                                  09/06/2026  12:25:15  PAGE 6


  C:02CDH         LINE#         124
  C:02D0H         LINE#         125
  C:02D0H         LINE#         126
  C:02D2H         LINE#         127
  -------         ENDPROC       _GPIO_SET
  -------         PROC          _GPIO_RESET
  D:0007H         SYMBOL        Port
  D:0005H         SYMBOL        Pin
  C:0250H         LINE#         135
  C:0250H         LINE#         136
  C:0250H         LINE#         137
  C:0256H         LINE#         138
  C:0259H         LINE#         139
  C:025CH         LINE#         140
  C:025FH         LINE#         142
  C:0270H         LINE#         143
  C:0270H         LINE#         144
  C:0270H         LINE#         145
  C:0274H         LINE#         146
  C:0276H         LINE#         147
  C:0276H         LINE#         148
  C:027AH         LINE#         149
  C:027CH         LINE#         150
  C:027CH         LINE#         151
  C:0280H         LINE#         152
  C:0282H         LINE#         153
  C:0282H         LINE#         154
  C:0286H         LINE#         155
  C:0288H         LINE#         156
  C:0288H         LINE#         157
  C:028CH         LINE#         158
  C:028EH         LINE#         159
  C:028EH         LINE#         160
  C:0291H         LINE#         161
  C:0291H         LINE#         162
  C:0293H         LINE#         163
  -------         ENDPROC       _GPIO_RESET
  -------         PROC          _GPIO_WRITE
  D:0006H         SYMBOL        Port
  D:0005H         SYMBOL        Pin
  D:0003H         SYMBOL        Level
  C:034BH         LINE#         165
  C:034DH         LINE#         166
  C:034DH         LINE#         167
  C:0353H         LINE#         168
  C:0356H         LINE#         169
  C:035AH         LINE#         170
  C:035AH         LINE#         171
  C:035FH         LINE#         172
  C:0361H         LINE#         173
  C:0364H         LINE#         174
  C:0364H         LINE#         175
  C:0369H         LINE#         176
  C:0369H         LINE#         177
  C:036BH         LINE#         178
  -------         ENDPROC       _GPIO_WRITE
  -------         PROC          _GPIO_READ
BL51 BANKED LINKER/LOCATER V6.22.4.0                                                  09/06/2026  12:25:15  PAGE 7


  D:0007H         SYMBOL        Port
  D:0005H         SYMBOL        Pin
  -------         DO            
  D:0006H         SYMBOL        gpio_level
  -------         ENDDO         
  C:02D3H         LINE#         180
  C:02D3H         LINE#         181
  C:02D3H         LINE#         183
  C:02E4H         LINE#         184
  C:02E4H         LINE#         185
  C:02E4H         LINE#         186
  C:02E6H         LINE#         187
  C:02E8H         LINE#         188
  C:02E8H         LINE#         189
  C:02EAH         LINE#         190
  C:02ECH         LINE#         191
  C:02ECH         LINE#         192
  C:02EEH         LINE#         193
  C:02F0H         LINE#         194
  C:02F0H         LINE#         195
  C:02F2H         LINE#         196
  C:02F4H         LINE#         197
  C:02F4H         LINE#         198
  C:02F6H         LINE#         199
  C:02F8H         LINE#         200
  C:02F8H         LINE#         201
  C:02FBH         LINE#         202
  C:02FBH         LINE#         203
  C:02FFH         LINE#         204
  C:0302H         LINE#         205
  C:0302H         LINE#         206
  C:0302H         LINE#         207
  C:0304H         LINE#         208
  C:0304H         LINE#         209
  -------         ENDPROC       _GPIO_READ
  -------         ENDMOD        GPIO

  -------         MODULE        ?C?CLDPTR
  C:020AH         PUBLIC        ?C?CLDPTR
  -------         ENDMOD        ?C?CLDPTR

  -------         MODULE        ?C?CLDOPTR
  C:0223H         PUBLIC        ?C?CLDOPTR
  -------         ENDMOD        ?C?CLDOPTR

Program Size: data=12.0 xdata=2 code=888
LINK/LOCATE RUN COMPLETE.  0 WARNING(S),  0 ERROR(S)
