C51 COMPILER V9.60.7.0   GPIO                                                              09/06/2026 12:25:15 PAGE 1   


C51 COMPILER V9.60.7.0, COMPILATION OF MODULE GPIO
OBJECT MODULE PLACED IN .\Objects\gpio.obj
COMPILER INVOKED BY: D:\keil5\C51\BIN\C51.EXE gpio.c LARGE OPTIMIZE(8,SPEED) BROWSE DEBUG OBJECTEXTEND PRINT(.\Listings\
                    -gpio.lst) TABS(2) OBJECT(.\Objects\gpio.obj)

line level    source

   1          #include "gpio.h"
   2          
   3          
   4          u8 gpio_init(u8 GPIO_Px, gpio_t *GPIOx)
   5          {
   6   1          if (GPIO_Px > GPIO_P4)
   7   1              return FAIL;
   8   1          if (GPIOx->Mode > GPIO_OUT_PP)
   9   1              return FAIL;
  10   1      
  11   1          // 配置端口模式
  12   1          switch (GPIO_Px)
  13   1          {
  14   2          case GPIO_P0:
  15   2              if (GPIOx->Mode == GPIO_PullUp)
  16   2                  // P0M1 &= ~GPIOx->Pin, P0M0 &= ~GPIOx->Pin;
  17   2                  P0_MODE_IO_PU(GPIOx->Pin);
  18   2              else if (GPIOx->Mode == GPIO_HighZ)
  19   2                  // P0M1 |= GPIOx->Pin, P0M0 &= ~GPIOx->Pin;
  20   2                  P0_MODE_IN_HIZ(GPIOx->Pin);
  21   2              else if (GPIOx->Mode == GPIO_OUT_OD)
  22   2                  // P0M1 |= GPIOx->Pin, P0M0 |= GPIOx->Pin;
  23   2                  P0_MODE_OUT_OD(GPIOx->Pin);
  24   2              else if (GPIOx->Mode == GPIO_OUT_PP)
  25   2                  // P0M1 &= ~GPIOx->Pin, P0M0 |= GPIOx->Pin;
  26   2                  P0_MODE_OUT_PP(GPIOx->Pin);
  27   2              break;
  28   2      
  29   2          case GPIO_P1:
  30   2              if (GPIOx->Mode == GPIO_PullUp)
  31   2                  // P1M1 &= ~GPIOx->Pin, P1M0 &= ~GPIOx->Pin;
  32   2                  P1_MODE_IO_PU(GPIOx->Pin);
  33   2              else if (GPIOx->Mode == GPIO_HighZ)
  34   2                  // P1M1 |= GPIOx->Pin, P1M0 &= ~GPIOx->Pin;
  35   2                  P1_MODE_IN_HIZ(GPIOx->Pin);
  36   2              else if (GPIOx->Mode == GPIO_OUT_OD)
  37   2                  // P1M1 |= GPIOx->Pin, P1M0 |= GPIOx->Pin;
  38   2                  P1_MODE_OUT_OD(GPIOx->Pin);
  39   2              else if (GPIOx->Mode == GPIO_OUT_PP)
  40   2                  // P1M1 &= ~GPIOx->Pin, P1M0 |= GPIOx->Pin;
  41   2                  P1_MODE_OUT_PP(GPIOx->Pin);
  42   2              break;
  43   2      
  44   2          case GPIO_P2:
  45   2              if (GPIOx->Mode == GPIO_PullUp)
  46   2                  // P2M1 &= ~GPIOx->Pin, P2M0 &= ~GPIOx->Pin;
  47   2                  P2_MODE_IO_PU(GPIOx->Pin);
  48   2              else if (GPIOx->Mode == GPIO_HighZ)
  49   2                  // P2M1 |= GPIOx->Pin, P2M0 &= ~GPIOx->Pin;
  50   2                  P2_MODE_IN_HIZ(GPIOx->Pin);
  51   2              else if (GPIOx->Mode == GPIO_OUT_OD)
  52   2                  // P2M1 |= GPIOx->Pin, P2M0 |= GPIOx->Pin;
  53   2                  P2_MODE_OUT_OD(GPIOx->Pin);
  54   2              else if (GPIOx->Mode == GPIO_OUT_PP)
C51 COMPILER V9.60.7.0   GPIO                                                              09/06/2026 12:25:15 PAGE 2   

  55   2                  // P2M1 &= ~GPIOx->Pin, P2M0 |= GPIOx->Pin;
  56   2                  P2_MODE_OUT_PP(GPIOx->Pin);
  57   2              break;
  58   2      
  59   2          case GPIO_P3:
  60   2              if (GPIOx->Mode == GPIO_PullUp)
  61   2                  // P3M1 &= ~GPIOx->Pin, P3M0 &= ~GPIOx->Pin;
  62   2                  P3_MODE_IO_PU(GPIOx->Pin);
  63   2              else if (GPIOx->Mode == GPIO_HighZ)
  64   2                  // P3M1 |= GPIOx->Pin, P3M0 &= ~GPIOx->Pin;
  65   2                  P3_MODE_IN_HIZ(GPIOx->Pin);
  66   2              else if (GPIOx->Mode == GPIO_OUT_OD)
  67   2                  // P3M1 |= GPIOx->Pin, P3M0 |= GPIOx->Pin;
  68   2                  P3_MODE_OUT_OD(GPIOx->Pin);
  69   2              else if (GPIOx->Mode == GPIO_OUT_PP)
  70   2                  // P3M1 &= ~GPIOx->Pin, P3M0 |= GPIOx->Pin;
  71   2                  P3_MODE_OUT_PP(GPIOx->Pin);
  72   2              break;
  73   2      
  74   2          case GPIO_P4:
  75   2              if (GPIOx->Mode == GPIO_PullUp)
  76   2                  // P4M1 &= ~GPIOx->Pin, P4M0 &= ~GPIOx->Pin;
  77   2                  P4_MODE_IO_PU(GPIOx->Pin);
  78   2              else if (GPIOx->Mode == GPIO_HighZ)
  79   2                  // P4M1 |= GPIOx->Pin, P4M0 &= ~GPIOx->Pin;
  80   2                  P4_MODE_IN_HIZ(GPIOx->Pin);
  81   2              else if (GPIOx->Mode == GPIO_OUT_OD)
  82   2                  // P4M1 |= GPIOx->Pin, P4M0 |= GPIOx->Pin;
  83   2                  P4_MODE_OUT_OD(GPIOx->Pin);
  84   2              else if (GPIOx->Mode == GPIO_OUT_PP)
  85   2                  // P4M1 &= ~GPIOx->Pin, P4M0 |= GPIOx->Pin;
  86   2                  P4_MODE_OUT_PP(GPIOx->Pin);
  87   2              break;
  88   2          }
  89   1      
  90   1          return SUCCESS;
  91   1      }
  92          
  93          /**
  94           * @brief  设置引脚为高电平（支持位掩码）
  95           * @param  Port: 端口号 (0~4)
  96           * @param  Pin: 位掩码 (0x01~0xFF)，可组合多个引脚
  97           * @retval SUCCESS/FAIL
  98           */
  99          u8 gpio_set(u8 Port, u8 Pin)
 100          {
 101   1          if (Port > 4)
 102   1              return FAIL;
 103   1          if (Pin == 0)
 104   1              return FAIL;
 105   1      
 106   1          switch (Port)
 107   1          {
 108   2          case 0:
 109   2              P0 |= Pin;
 110   2              break;
 111   2          case 1:
 112   2              P1 |= Pin;
 113   2              break;
 114   2          case 2:
 115   2              P2 |= Pin;
 116   2              break;
C51 COMPILER V9.60.7.0   GPIO                                                              09/06/2026 12:25:15 PAGE 3   

 117   2          case 3:
 118   2              P3 |= Pin;
 119   2              break;
 120   2          case 4:
 121   2              P4 |= Pin;
 122   2              break;
 123   2          default:
 124   2              return FAIL;
 125   2          }
 126   1          return SUCCESS;
 127   1      }
 128          
 129          /**
 130           * @brief  设置引脚为低电平（支持位掩码）
 131           * @param  Port: 端口号 (0~4)
 132           * @param  Pin: 位掩码 (0x01~0xFF)，可组合多个引脚
 133           * @retval SUCCESS/FAIL
 134           */
 135          u8 gpio_reset(u8 Port, u8 Pin)
 136          {
 137   1          if (Port > 4)
 138   1              return FAIL;
 139   1          if (Pin == 0)
 140   1              return FAIL;
 141   1      
 142   1          switch (Port)
 143   1          {
 144   2          case 0:
 145   2              P0 &= ~Pin;
 146   2              break;
 147   2          case 1:
 148   2              P1 &= ~Pin;
 149   2              break;
 150   2          case 2:
 151   2              P2 &= ~Pin;
 152   2              break;
 153   2          case 3:
 154   2              P3 &= ~Pin;
 155   2              break;
 156   2          case 4:
 157   2              P4 &= ~Pin;
 158   2              break;
 159   2          default:
 160   2              return FAIL;
 161   2          }
 162   1          return SUCCESS;
 163   1      }
 164          
 165          u8 gpio_write(u8 Port, u8 Pin, u8 Level)
 166          {
 167   1          if (Port > 4)
 168   1              return FAIL;
 169   1          if (Level == HIGH)
 170   1          {
 171   2              gpio_set(Port, Pin);
 172   2          }
 173   1          else if (Level == LOW)
 174   1          {
 175   2              gpio_reset(Port, Pin);
 176   2          }
 177   1          return FAIL;
 178   1      }
C51 COMPILER V9.60.7.0   GPIO                                                              09/06/2026 12:25:15 PAGE 4   

 179          
 180          u8 gpio_read(u8 Port, u8 Pin)
 181          {
 182   1          u8 gpio_level;
 183   1          switch (Port)
 184   1          {
 185   2          case GPIO_P0:
 186   2              gpio_level = P0;
 187   2              break;
 188   2          case GPIO_P1:
 189   2              gpio_level = P1;
 190   2              break;
 191   2          case GPIO_P2:
 192   2              gpio_level = P2;
 193   2              break;
 194   2          case GPIO_P3:
 195   2              gpio_level = P3;
 196   2              break;
 197   2          case GPIO_P4:
 198   2              gpio_level = P4;
 199   2              break;
 200   2          default:
 201   2              return FAIL;
 202   2          }
 203   1          if(gpio_level & Pin){
 204   2              return HIGH;
 205   2          }
 206   1          else{
 207   2              return LOW;
 208   2          }
 209   1      }


MODULE INFORMATION:   STATIC OVERLAYABLE
   CODE SIZE        =    660    ----
   CONSTANT SIZE    =   ----    ----
   XDATA SIZE       =   ----    ----
   PDATA SIZE       =   ----    ----
   DATA SIZE        =   ----    ----
   IDATA SIZE       =   ----    ----
   BIT SIZE         =   ----    ----
END OF MODULE INFORMATION.


C51 COMPILATION COMPLETE.  0 WARNING(S),  0 ERROR(S)
