C51 COMPILER V9.60.7.0   UART                                                              09/06/2026 12:24:56 PAGE 1   


C51 COMPILER V9.60.7.0, COMPILATION OF MODULE UART
OBJECT MODULE PLACED IN .\Objects\uart.obj
COMPILER INVOKED BY: D:\keil5\C51\BIN\C51.EXE uart.c LARGE OPTIMIZE(8,SPEED) BROWSE DEBUG OBJECTEXTEND PRINT(.\Listings\
                    -uart.lst) TABS(2) OBJECT(.\Objects\uart.obj)

line level    source

   1          #include "uart.h"
   2          #include "config.h"
   3          #include "typedef.h"
   4          #include "register.h"
   5          #include <stdio.h>
   6          #include <stddef.h>
   7          
   8          u8 BaudRate = 9600;
   9          
  10          u8 rxBuffer[20];
  11          u8 rxIndex = 0;
  12          u8 cmdReady = 0;
  13          
  14          static uart_callback_t uart_callback=NULL;
  15          
  16          void uart_set_callback(uart_callback_t callback)
  17          {
  18   1          uart_callback=callback;
  19   1      }
  20          
  21          
  22          void uart_isr(void) interrupt 4
  23          {
  24   1          u8 ch;
  25   1          if (RI)
  26   1          {
  27   2              RI = 0;
  28   2              ch = SBUF;
  29   2              if (ch == '\n' || ch == '\r')
  30   2              {
  31   3                  if (rxIndex > 0)
  32   3                  {
  33   4                      rxBuffer[rxIndex] = '\0';
  34   4                      cmdReady = 1;
  35   4                      rxIndex = 0;
  36   4                      if(uart_callback!=NULL)
  37   4                      {
  38   5                          uart_callback();
  39   5                      }
  40   4                      rxBuffer[0]='\0';
  41   4                  }
  42   3                  return;
  43   3              }
  44   2              if (rxIndex < sizeof(rxBuffer) - 1)
  45   2              {
  46   3                  rxBuffer[rxIndex++] = ch;
  47   3              }
  48   2          }
  49   1      }
  50          
  51          void uart_init()
  52          {
  53   1          SCON = 0x50;  
  54   1          TMOD &= 0x0F; 
C51 COMPILER V9.60.7.0   UART                                                              09/06/2026 12:24:56 PAGE 2   

  55   1          TMOD |= 0x20; 
  56   1      
  57   1      #if FOSC == 11059200L
                  switch (BaudRate)
                  {
                  case 2400:
                      TL1 = 244;
                      TH1 = 244;
                      break;
                  case 4800:
                      TL1 = 250;
                      TH1 = 250;
                      break;
                  case 9600:
                      TL1 = 253;
                      TH1 = 253;
                      break;
                  default:
                      break;
                  }
              
              #elif FOSC == 12000000L
  77   1          switch (BaudRate)
  78   1          {
  79   2          case 2400:
  80   2              TL1 = 204;
  81   2              TH1 = 204;
  82   2              break;
  83   2          case 4800:
  84   2              TL1 = 230;
  85   2              TH1 = 230;
  86   2              break;
  87   2          case 9600:
  88   2              TL1 = 243;
  89   2              TH1 = 243;
  90   2              break;
  91   2          default:
  92   2              break;
  93   2          }
  94   1      #endif
  95   1      
  96   1          ET1 = 0; 
  97   1          TR1 = 1; 
  98   1          ES = 1;  
  99   1          EA = 1; 
 100   1      }
 101          void uart_sendbyte(u8 dat)
 102          {
 103   1          SBUF = dat;
 104   1          while (!TI)
 105   1              ;
 106   1          TI = 0;
 107   1      }
 108          
 109          void uart_sendstring(char *str)
 110          {
 111   1          while (*str != '\0')
 112   1          {
 113   2              uart_sendbyte(*str++);
 114   2          }
 115   1      }
 116          
C51 COMPILER V9.60.7.0   UART                                                              09/06/2026 12:24:56 PAGE 3   

 117          char putchar(char c)
 118          {
 119   1          uart_sendbyte((u8)c);
 120   1          return c;
 121   1      }


MODULE INFORMATION:   STATIC OVERLAYABLE
   CODE SIZE        =    306    ----
   CONSTANT SIZE    =   ----    ----
   XDATA SIZE       =     26       4
   PDATA SIZE       =   ----    ----
   DATA SIZE        =   ----    ----
   IDATA SIZE       =   ----    ----
   BIT SIZE         =   ----    ----
END OF MODULE INFORMATION.


C51 COMPILATION COMPLETE.  0 WARNING(S),  0 ERROR(S)
